/*---------------------------------------------------------------------------*\
| =========                 |                                                 |
| \\      /  F ield         | OpenFOAM: The Open Source CFD Toolbox           |
|  \\    /   O peration     | Version:  v2012                                 |
|   \\  /    A nd           | Website:  www.openfoam.com                      |
|    \\/     M anipulation  |                                                 |
\*---------------------------------------------------------------------------*/
Build  : _7bdb509494-20201222 OPENFOAM=2012
Arch   : "LSB;label=32;scalar=64"
Exec   : decomposePar -allRegions
Date   : Jun 22 2026
Time   : 13:53:13
Host   : rinkoa
PID    : 21772
I/O    : uncollated
Case   : /home/rinkoa/OpenFOAM-v2012/sims/2U_server
nProcs : 1
trapFpe: Floating point exception trapping enabled (FOAM_SIGFPE).
fileModificationChecking : Monitoring run-time modified files using timeStampMaster (fileModificationSkew 5, maxFileModificationPolls 20)
allowSystemOperations : Allowing user-supplied system call operations

// * * * * * * * * * * * * * * * * * * * * * * * * * * * * * * * * * * * * * //
Create time

Decomposing all regions in regionProperties
    (domain0 CPU Heatsink FRONT_PANEL)



Decomposing mesh domain0

Create mesh

Calculating distribution of cells
Selecting decompositionMethod scotch [16]

Finished decomposition in 3.44 s

Calculating original mesh data

Distributing cells to processors

Distributing faces to processors

Distributing points to processors

Constructing processor meshes

Processor 0
    Number of cells = 69003
    Number of faces shared with processor 1 = 1358
    Number of faces shared with processor 2 = 579
    Number of faces shared with processor 8 = 1126
    Number of processor patches = 3
    Number of processor faces = 3063
    Number of boundary faces = 24837

Processor 1
    Number of cells = 69131
    Number of faces shared with processor 0 = 1358
    Number of faces shared with processor 2 = 808
    Number of faces shared with processor 6 = 2
    Number of faces shared with processor 8 = 1076
    Number of faces shared with processor 9 = 48
    Number of faces shared with processor 11 = 107
    Number of processor patches = 6
    Number of processor faces = 3399
    Number of boundary faces = 25183

Processor 2
    Number of cells = 69642
    Number of faces shared with processor 0 = 579
    Number of faces shared with processor 1 = 808
    Number of faces shared with processor 3 = 1126
    Number of faces shared with processor 5 = 354
    Number of faces shared with processor 7 = 111
    Number of faces shared with processor 8 = 696
    Number of faces shared with processor 9 = 616
    Number of faces shared with processor 10 = 4
    Number of faces shared with processor 11 = 200
    Number of faces shared with processor 12 = 10
    Number of faces shared with processor 13 = 60
    Number of faces shared with processor 14 = 5
    Number of faces shared with processor 15 = 165
    Number of processor patches = 13
    Number of processor faces = 4734
    Number of boundary faces = 24355

Processor 3
    Number of cells = 69912
    Number of faces shared with processor 2 = 1126
    Number of faces shared with processor 4 = 924
    Number of faces shared with processor 5 = 345
    Number of faces shared with processor 6 = 909
    Number of faces shared with processor 7 = 260
    Number of faces shared with processor 9 = 309
    Number of processor patches = 6
    Number of processor faces = 3873
    Number of boundary faces = 22525

Processor 4
    Number of cells = 70084
    Number of faces shared with processor 3 = 924
    Number of faces shared with processor 5 = 1067
    Number of faces shared with processor 6 = 826
    Number of faces shared with processor 7 = 535
    Number of processor patches = 4
    Number of processor faces = 3352
    Number of boundary faces = 16922

Processor 5
    Number of cells = 69914
    Number of faces shared with processor 2 = 354
    Number of faces shared with processor 3 = 345
    Number of faces shared with processor 4 = 1067
    Number of faces shared with processor 7 = 1133
    Number of processor patches = 4
    Number of processor faces = 2899
    Number of boundary faces = 23218

Processor 6
    Number of cells = 69913
    Number of faces shared with processor 1 = 2
    Number of faces shared with processor 3 = 909
    Number of faces shared with processor 4 = 826
    Number of faces shared with processor 7 = 1197
    Number of processor patches = 4
    Number of processor faces = 2934
    Number of boundary faces = 25789

Processor 7
    Number of cells = 69932
    Number of faces shared with processor 2 = 111
    Number of faces shared with processor 3 = 260
    Number of faces shared with processor 4 = 535
    Number of faces shared with processor 5 = 1133
    Number of faces shared with processor 6 = 1197
    Number of processor patches = 5
    Number of processor faces = 3236
    Number of boundary faces = 23862

Processor 8
    Number of cells = 69977
    Number of faces shared with processor 0 = 1126
    Number of faces shared with processor 1 = 1076
    Number of faces shared with processor 2 = 696
    Number of faces shared with processor 9 = 928
    Number of faces shared with processor 10 = 53
    Number of faces shared with processor 11 = 261
    Number of faces shared with processor 12 = 10
    Number of faces shared with processor 13 = 68
    Number of faces shared with processor 14 = 5
    Number of faces shared with processor 15 = 331
    Number of processor patches = 10
    Number of processor faces = 4554
    Number of boundary faces = 24822

Processor 9
    Number of cells = 68703
    Number of faces shared with processor 1 = 48
    Number of faces shared with processor 2 = 616
    Number of faces shared with processor 3 = 309
    Number of faces shared with processor 8 = 928
    Number of faces shared with processor 10 = 28
    Number of faces shared with processor 11 = 794
    Number of faces shared with processor 12 = 55
    Number of faces shared with processor 13 = 66
    Number of faces shared with processor 14 = 128
    Number of faces shared with processor 15 = 857
    Number of processor patches = 10
    Number of processor faces = 3829
    Number of boundary faces = 25067

Processor 10
    Number of cells = 69708
    Number of faces shared with processor 2 = 4
    Number of faces shared with processor 8 = 53
    Number of faces shared with processor 9 = 28
    Number of faces shared with processor 11 = 1500
    Number of faces shared with processor 12 = 703
    Number of faces shared with processor 13 = 118
    Number of processor patches = 6
    Number of processor faces = 2406
    Number of boundary faces = 30666

Processor 11
    Number of cells = 69120
    Number of faces shared with processor 1 = 107
    Number of faces shared with processor 2 = 200
    Number of faces shared with processor 8 = 261
    Number of faces shared with processor 9 = 794
    Number of faces shared with processor 10 = 1500
    Number of faces shared with processor 12 = 102
    Number of faces shared with processor 13 = 93
    Number of faces shared with processor 14 = 16
    Number of faces shared with processor 15 = 179
    Number of processor patches = 9
    Number of processor faces = 3252
    Number of boundary faces = 28813

Processor 12
    Number of cells = 69126
    Number of faces shared with processor 2 = 10
    Number of faces shared with processor 8 = 10
    Number of faces shared with processor 9 = 55
    Number of faces shared with processor 10 = 703
    Number of faces shared with processor 11 = 102
    Number of faces shared with processor 13 = 1721
    Number of faces shared with processor 14 = 3
    Number of processor patches = 7
    Number of processor faces = 2604
    Number of boundary faces = 31362

Processor 13
    Number of cells = 68698
    Number of faces shared with processor 2 = 60
    Number of faces shared with processor 8 = 68
    Number of faces shared with processor 9 = 66
    Number of faces shared with processor 10 = 118
    Number of faces shared with processor 11 = 93
    Number of faces shared with processor 12 = 1721
    Number of faces shared with processor 14 = 1120
    Number of faces shared with processor 15 = 115
    Number of processor patches = 8
    Number of processor faces = 3361
    Number of boundary faces = 30839

Processor 14
    Number of cells = 68698
    Number of faces shared with processor 2 = 5
    Number of faces shared with processor 8 = 5
    Number of faces shared with processor 9 = 128
    Number of faces shared with processor 11 = 16
    Number of faces shared with processor 12 = 3
    Number of faces shared with processor 13 = 1120
    Number of faces shared with processor 15 = 1124
    Number of processor patches = 7
    Number of processor faces = 2401
    Number of boundary faces = 29773

Processor 15
    Number of cells = 68698
    Number of faces shared with processor 2 = 165
    Number of faces shared with processor 8 = 331
    Number of faces shared with processor 9 = 857
    Number of faces shared with processor 11 = 179
    Number of faces shared with processor 13 = 115
    Number of faces shared with processor 14 = 1124
    Number of processor patches = 6
    Number of processor faces = 2771
    Number of boundary faces = 32369

Number of processor faces = 26334
Max number of cells = 70084 (0.998416% above average 69391.2)
Max number of processor patches = 13 (92.5926% above average 6.75)
Max number of faces between processors = 4734 (43.8141% above average 3291.75)

Time = 0.15

Processor 0: field transfer
Detected additional non-decomposed files in "/home/rinkoa/OpenFOAM-v2012/sims/2U_server/0.15/domain0/uniform"
Detected additional non-decomposed files in "/home/rinkoa/OpenFOAM-v2012/sims/2U_server/0.15/uniform"
Processor 1: field transfer
Detected additional non-decomposed files in "/home/rinkoa/OpenFOAM-v2012/sims/2U_server/0.15/domain0/uniform"
Detected additional non-decomposed files in "/home/rinkoa/OpenFOAM-v2012/sims/2U_server/0.15/uniform"
Processor 2: field transfer
Detected additional non-decomposed files in "/home/rinkoa/OpenFOAM-v2012/sims/2U_server/0.15/domain0/uniform"
Detected additional non-decomposed files in "/home/rinkoa/OpenFOAM-v2012/sims/2U_server/0.15/uniform"
Processor 3: field transfer
Detected additional non-decomposed files in "/home/rinkoa/OpenFOAM-v2012/sims/2U_server/0.15/domain0/uniform"
Detected additional non-decomposed files in "/home/rinkoa/OpenFOAM-v2012/sims/2U_server/0.15/uniform"
Processor 4: field transfer
Detected additional non-decomposed files in "/home/rinkoa/OpenFOAM-v2012/sims/2U_server/0.15/domain0/uniform"
Detected additional non-decomposed files in "/home/rinkoa/OpenFOAM-v2012/sims/2U_server/0.15/uniform"
Processor 5: field transfer
Detected additional non-decomposed files in "/home/rinkoa/OpenFOAM-v2012/sims/2U_server/0.15/domain0/uniform"
Detected additional non-decomposed files in "/home/rinkoa/OpenFOAM-v2012/sims/2U_server/0.15/uniform"
Processor 6: field transfer
Detected additional non-decomposed files in "/home/rinkoa/OpenFOAM-v2012/sims/2U_server/0.15/domain0/uniform"
Detected additional non-decomposed files in "/home/rinkoa/OpenFOAM-v2012/sims/2U_server/0.15/uniform"
Processor 7: field transfer
Detected additional non-decomposed files in "/home/rinkoa/OpenFOAM-v2012/sims/2U_server/0.15/domain0/uniform"
Detected additional non-decomposed files in "/home/rinkoa/OpenFOAM-v2012/sims/2U_server/0.15/uniform"
Processor 8: field transfer
Detected additional non-decomposed files in "/home/rinkoa/OpenFOAM-v2012/sims/2U_server/0.15/domain0/uniform"
Detected additional non-decomposed files in "/home/rinkoa/OpenFOAM-v2012/sims/2U_server/0.15/uniform"
Processor 9: field transfer
Detected additional non-decomposed files in "/home/rinkoa/OpenFOAM-v2012/sims/2U_server/0.15/domain0/uniform"
Detected additional non-decomposed files in "/home/rinkoa/OpenFOAM-v2012/sims/2U_server/0.15/uniform"
Processor 10: field transfer
Detected additional non-decomposed files in "/home/rinkoa/OpenFOAM-v2012/sims/2U_server/0.15/domain0/uniform"
Detected additional non-decomposed files in "/home/rinkoa/OpenFOAM-v2012/sims/2U_server/0.15/uniform"
Processor 11: field transfer
Detected additional non-decomposed files in "/home/rinkoa/OpenFOAM-v2012/sims/2U_server/0.15/domain0/uniform"
Detected additional non-decomposed files in "/home/rinkoa/OpenFOAM-v2012/sims/2U_server/0.15/uniform"
Processor 12: field transfer
Detected additional non-decomposed files in "/home/rinkoa/OpenFOAM-v2012/sims/2U_server/0.15/domain0/uniform"
Detected additional non-decomposed files in "/home/rinkoa/OpenFOAM-v2012/sims/2U_server/0.15/uniform"
Processor 13: field transfer
Detected additional non-decomposed files in "/home/rinkoa/OpenFOAM-v2012/sims/2U_server/0.15/domain0/uniform"
Detected additional non-decomposed files in "/home/rinkoa/OpenFOAM-v2012/sims/2U_server/0.15/uniform"
Processor 14: field transfer
Detected additional non-decomposed files in "/home/rinkoa/OpenFOAM-v2012/sims/2U_server/0.15/domain0/uniform"
Detected additional non-decomposed files in "/home/rinkoa/OpenFOAM-v2012/sims/2U_server/0.15/uniform"
Processor 15: field transfer
Detected additional non-decomposed files in "/home/rinkoa/OpenFOAM-v2012/sims/2U_server/0.15/domain0/uniform"
Detected additional non-decomposed files in "/home/rinkoa/OpenFOAM-v2012/sims/2U_server/0.15/uniform"


Decomposing mesh CPU

Create mesh

Calculating distribution of cells
Selecting decompositionMethod scotch [16]

Finished decomposition in 0.02 s

Calculating original mesh data

Distributing cells to processors

Distributing faces to processors

Distributing points to processors

Constructing processor meshes

Processor 0
    Number of cells = 327
    Number of faces shared with processor 1 = 42
    Number of faces shared with processor 2 = 4
    Number of faces shared with processor 3 = 37
    Number of faces shared with processor 4 = 8
    Number of faces shared with processor 5 = 43
    Number of faces shared with processor 12 = 29
    Number of faces shared with processor 13 = 8
    Number of processor patches = 7
    Number of processor faces = 171
    Number of boundary faces = 118

Processor 1
    Number of cells = 329
    Number of faces shared with processor 0 = 42
    Number of faces shared with processor 2 = 35
    Number of faces shared with processor 4 = 36
    Number of processor patches = 3
    Number of processor faces = 113
    Number of boundary faces = 177

Processor 2
    Number of cells = 324
    Number of faces shared with processor 0 = 4
    Number of faces shared with processor 1 = 35
    Number of faces shared with processor 3 = 45
    Number of processor patches = 3
    Number of processor faces = 84
    Number of boundary faces = 218

Processor 3
    Number of cells = 328
    Number of faces shared with processor 0 = 37
    Number of faces shared with processor 2 = 45
    Number of faces shared with processor 13 = 38
    Number of processor patches = 3
    Number of processor faces = 120
    Number of boundary faces = 177

Processor 4
    Number of cells = 323
    Number of faces shared with processor 0 = 8
    Number of faces shared with processor 1 = 36
    Number of faces shared with processor 5 = 49
    Number of faces shared with processor 7 = 44
    Number of processor patches = 4
    Number of processor faces = 137
    Number of boundary faces = 163

Processor 5
    Number of cells = 329
    Number of faces shared with processor 0 = 43
    Number of faces shared with processor 4 = 49
    Number of faces shared with processor 6 = 40
    Number of faces shared with processor 8 = 34
    Number of faces shared with processor 9 = 6
    Number of faces shared with processor 12 = 3
    Number of processor patches = 6
    Number of processor faces = 175
    Number of boundary faces = 117

Processor 6
    Number of cells = 324
    Number of faces shared with processor 5 = 40
    Number of faces shared with processor 7 = 38
    Number of faces shared with processor 9 = 34
    Number of processor patches = 3
    Number of processor faces = 112
    Number of boundary faces = 175

Processor 7
    Number of cells = 324
    Number of faces shared with processor 4 = 44
    Number of faces shared with processor 6 = 38
    Number of processor patches = 2
    Number of processor faces = 82
    Number of boundary faces = 212

Processor 8
    Number of cells = 324
    Number of faces shared with processor 5 = 34
    Number of faces shared with processor 9 = 52
    Number of faces shared with processor 10 = 32
    Number of faces shared with processor 11 = 8
    Number of faces shared with processor 12 = 40
    Number of processor patches = 5
    Number of processor faces = 166
    Number of boundary faces = 117

Processor 9
    Number of cells = 325
    Number of faces shared with processor 5 = 6
    Number of faces shared with processor 6 = 34
    Number of faces shared with processor 8 = 52
    Number of faces shared with processor 11 = 41
    Number of processor patches = 4
    Number of processor faces = 133
    Number of boundary faces = 165

Processor 10
    Number of cells = 323
    Number of faces shared with processor 8 = 32
    Number of faces shared with processor 11 = 44
    Number of faces shared with processor 14 = 46
    Number of processor patches = 3
    Number of processor faces = 122
    Number of boundary faces = 175

Processor 11
    Number of cells = 325
    Number of faces shared with processor 8 = 8
    Number of faces shared with processor 9 = 41
    Number of faces shared with processor 10 = 44
    Number of processor patches = 3
    Number of processor faces = 93
    Number of boundary faces = 207

Processor 12
    Number of cells = 325
    Number of faces shared with processor 0 = 29
    Number of faces shared with processor 5 = 3
    Number of faces shared with processor 8 = 40
    Number of faces shared with processor 13 = 49
    Number of faces shared with processor 14 = 40
    Number of processor patches = 5
    Number of processor faces = 161
    Number of boundary faces = 116

Processor 13
    Number of cells = 328
    Number of faces shared with processor 0 = 8
    Number of faces shared with processor 3 = 38
    Number of faces shared with processor 12 = 49
    Number of faces shared with processor 14 = 7
    Number of faces shared with processor 15 = 40
    Number of processor patches = 5
    Number of processor faces = 142
    Number of boundary faces = 166

Processor 14
    Number of cells = 329
    Number of faces shared with processor 10 = 46
    Number of faces shared with processor 12 = 40
    Number of faces shared with processor 13 = 7
    Number of faces shared with processor 15 = 57
    Number of processor patches = 4
    Number of processor faces = 150
    Number of boundary faces = 171

Processor 15
    Number of cells = 329
    Number of faces shared with processor 13 = 40
    Number of faces shared with processor 14 = 57
    Number of processor patches = 2
    Number of processor faces = 97
    Number of boundary faces = 232

Number of processor faces = 1029
Max number of cells = 329 (0.920245% above average 326)
Max number of processor patches = 7 (80.6452% above average 3.875)
Max number of faces between processors = 175 (36.0544% above average 128.625)

Time = 0.15


--> FOAM FATAL IO ERROR: (openfoam-2012)
incorrect first token, expected <int> or '(', found on line 10: error

file: /home/rinkoa/OpenFOAM-v2012/sims/2U_server/0.15/CPU/T at line 10.

    From Foam::Istream& Foam::operator>>(Foam::Istream&, Foam::List<T>&) [with T = double]
    in file /home/pawan/OpenFOAM/OpenFOAM/OpenFOAM-v2012/src/OpenFOAM/lnInclude/ListIO.C at line 170.

FOAM exiting

