/*---------------------------------------------------------------------------*\
| =========                 |                                                 |
| \\      /  F ield         | OpenFOAM: The Open Source CFD Toolbox           |
|  \\    /   O peration     | Version:  v2012                                 |
|   \\  /    A nd           | Website:  www.openfoam.com                      |
|    \\/     M anipulation  |                                                 |
\*---------------------------------------------------------------------------*/
Build  : _7bdb509494-20201222 OPENFOAM=2012
Arch   : "LSB;label=32;scalar=64"
Exec   : chtMultiRegionFoam
Date   : Jun 21 2026
Time   : 21:37:29
Host   : rinkoalaptop
PID    : 77927
I/O    : uncollated
Case   : /home/rinkoa/OpenFOAM-v2012/sims/2U_server
nProcs : 1
trapFpe: Floating point exception trapping enabled (FOAM_SIGFPE).
fileModificationChecking : Monitoring run-time modified files using timeStampMaster (fileModificationSkew 5, maxFileModificationPolls 20)
allowSystemOperations : Allowing user-supplied system call operations

// * * * * * * * * * * * * * * * * * * * * * * * * * * * * * * * * * * * * * //
Create time

Create fluid mesh for region domain0 for time = 0

Create solid mesh for region CPU for time = 0

Create solid mesh for region Heatsink for time = 0

Create solid mesh for region FRONT_PANEL for time = 0

*** Reading fluid mesh thermophysical properties for region domain0

    Adding to thermoFluid

Selecting thermodynamics package 
{
    type            heRhoThermo;
    mixture         pureMixture;
    transport       const;
    thermo          hConst;
    equationOfState perfectGas;
    specie          specie;
    energy          sensibleEnthalpy;
}

    Adding to rhoFluid

    Adding to UFluid

    Adding to phiFluid

    Adding to hRefFluid

    Adding to ghFluid

    Adding to ghfFluid

    Adding to turbulenceFluid

Selecting turbulence model type RAS
Selecting RAS turbulence model kEpsilon
RAS
{
    RASModel        kEpsilon;
    turbulence      on;
    printCoeffs     on;
    Cmu             0.09;
    C1              1.44;
    C2              1.92;
    C3              0;
    sigmak          1;
    sigmaEps        1.3;
}

    Adding to reactionFluid

Combustion model not active: combustionProperties not found
Selecting combustion model none
    Adding to radiationFluid

Selecting radiationModel none
    Adding to KFluid

    Adding to dpdtFluid

    Adding to fieldsFluid

    Adding to QdotFluid

pressureControl
    pMax 151988
    pMin 50662.5

    Adding MRF

No MRF models present

    Adding fvOptions

*** Reading solid mesh thermophysical properties for region CPU

    Adding to thermos

Selecting thermodynamics package 
{
    type            heSolidThermo;
    mixture         pureMixture;
    transport       constIso;
    thermo          hConst;
    equationOfState rhoConst;
    specie          specie;
    energy          sensibleEnthalpy;
}

    Adding to radiations

Selecting radiationModel none
    Adding fvOptions

Creating finite volume options from "system/fvOptions"

Selecting finite volume options type scalarSemiImplicitSource
    Source: heatSource
    - selecting all cells
    - selected 5216 cell(s) with volume 8.05036e-06
*** Reading solid mesh thermophysical properties for region Heatsink

    Adding to thermos

Selecting thermodynamics package 
{
    type            heSolidThermo;
    mixture         pureMixture;
    transport       constIso;
    thermo          hConst;
    equationOfState rhoConst;
    specie          specie;
    energy          sensibleEnthalpy;
}

    Adding to radiations

Selecting radiationModel none
    Adding fvOptions

Creating finite volume options from "system/fvOptions"

*** Reading solid mesh thermophysical properties for region FRONT_PANEL

    Adding to thermos

Selecting thermodynamics package 
{
    type            heSolidThermo;
    mixture         pureMixture;
    transport       constIso;
    thermo          hConst;
    equationOfState rhoConst;
    specie          specie;
    energy          sensibleEnthalpy;
}

    Adding to radiations

Selecting radiationModel none
    Adding fvOptions

Creating finite volume options from "system/fvOptions"

Region: domain0 Courant Number mean: 7.67816e-06 max: 0.0159867
Region: CPU Diffusion Number mean: 0.000956254 max: 0.0139358
Region: Heatsink Diffusion Number mean: 0.001098 max: 0.0601458
Region: FRONT_PANEL Diffusion Number mean: 3.21069e-05 max: 0.0335274
deltaT = 1e-05
Region: domain0 Courant Number mean: 7.67816e-06 max: 0.0159867
Region: CPU Diffusion Number mean: 0.000956254 max: 0.0139358
Region: Heatsink Diffusion Number mean: 0.001098 max: 0.0601458
Region: FRONT_PANEL Diffusion Number mean: 3.21069e-05 max: 0.0335274
deltaT = 1.19999e-05
Time = 1.19999e-05


Solving for fluid region domain0
diagonal:  Solving for rho, Initial residual = 0, Final residual = 0, No Iterations 0
DILUPBiCGStab:  Solving for Ux, Initial residual = 1, Final residual = 3.66851e-08, No Iterations 2
DILUPBiCGStab:  Solving for Uy, Initial residual = 1, Final residual = 3.75164e-08, No Iterations 2
DILUPBiCGStab:  Solving for Uz, Initial residual = 1, Final residual = 5.07623e-08, No Iterations 2
DILUPBiCGStab:  Solving for h, Initial residual = 0.999999, Final residual = 4.54646e-08, No Iterations 2
Min/max T:300 300
DICPCG:  Solving for p_rgh, Initial residual = 0.715439, Final residual = 0.00319479, No Iterations 7
DICPCG:  Solving for p_rgh, Initial residual = 0.0501975, Final residual = 0.000491083, No Iterations 4
DICPCG:  Solving for p_rgh, Initial residual = 0.00398221, Final residual = 3.3715e-05, No Iterations 5
diagonal:  Solving for rho, Initial residual = 0, Final residual = 0, No Iterations 0
time step continuity errors (domain0): sum local = 1.60432e-09, global = 6.06054e-10, cumulative = 6.06054e-10
DICPCG:  Solving for p_rgh, Initial residual = 0.0337809, Final residual = 0.00018738, No Iterations 6
DICPCG:  Solving for p_rgh, Initial residual = 0.00262641, Final residual = 2.29363e-05, No Iterations 4
DICPCG:  Solving for p_rgh, Initial residual = 0.000225747, Final residual = 1.43737e-06, No Iterations 5
diagonal:  Solving for rho, Initial residual = 0, Final residual = 0, No Iterations 0
time step continuity errors (domain0): sum local = 1.30392e-10, global = -3.85252e-11, cumulative = 5.67528e-10
DICPCG:  Solving for p_rgh, Initial residual = 0.00296101, Final residual = 1.96855e-05, No Iterations 6
DICPCG:  Solving for p_rgh, Initial residual = 0.00020956, Final residual = 2.06476e-06, No Iterations 4
DICPCG:  Solving for p_rgh, Initial residual = 1.85608e-05, Final residual = 7.8767e-08, No Iterations 6
diagonal:  Solving for rho, Initial residual = 0, Final residual = 0, No Iterations 0
time step continuity errors (domain0): sum local = 5.38008e-12, global = -7.05831e-13, cumulative = 5.66823e-10
DILUPBiCGStab:  Solving for epsilon, Initial residual = 0.00337155, Final residual = 1.04878e-08, No Iterations 2
DILUPBiCGStab:  Solving for k, Initial residual = 1, Final residual = 9.88705e-08, No Iterations 2

Solving for solid region CPU
DICPCG:  Solving for h, Initial residual = 1, Final residual = 4.09244e-07, No Iterations 11
DICPCG:  Solving for h, Initial residual = 0.0117819, Final residual = 5.20907e-07, No Iterations 7
DICPCG:  Solving for h, Initial residual = 0.000598085, Final residual = 4.5989e-07, No Iterations 5
Min/max T:300 300.259

Solving for solid region Heatsink
DICPCG:  Solving for h, Initial residual = 0.0125811, Final residual = 5.51358e-07, No Iterations 9
DICPCG:  Solving for h, Initial residual = 0.0103113, Final residual = 4.65348e-07, No Iterations 9
DICPCG:  Solving for h, Initial residual = 0.00948688, Final residual = 9.39789e-07, No Iterations 8
Min/max T:300 300

Solving for solid region FRONT_PANEL
DICPCG:  Solving for h, Initial residual = 0.00622835, Final residual = 1.55494e-07, No Iterations 5
DICPCG:  Solving for h, Initial residual = 0.0047024, Final residual = 7.98002e-07, No Iterations 4
DICPCG:  Solving for h, Initial residual = 0.0046258, Final residual = 7.40252e-07, No Iterations 4
Min/max T:300 300
ExecutionTime = 13 s  ClockTime = 13 s

Region: domain0 Courant Number mean: 3.49734e-05 max: 0.0355347
Region: CPU Diffusion Number mean: 0.0011475 max: 0.0167228
Region: Heatsink Diffusion Number mean: 0.00131759 max: 0.0721744
Region: FRONT_PANEL Diffusion Number mean: 3.8528e-05 max: 0.0402326
deltaT = 1.43997e-05
Time = 2.63997e-05


Solving for fluid region domain0
diagonal:  Solving for rho, Initial residual = 0, Final residual = 0, No Iterations 0
DILUPBiCGStab:  Solving for Ux, Initial residual = 0.361046, Final residual = 7.17502e-09, No Iterations 2
DILUPBiCGStab:  Solving for Uy, Initial residual = 0.391907, Final residual = 9.37486e-09, No Iterations 2
DILUPBiCGStab:  Solving for Uz, Initial residual = 0.15547, Final residual = 6.37027e-09, No Iterations 2
DILUPBiCGStab:  Solving for h, Initial residual = 0.998423, Final residual = 4.06453e-08, No Iterations 2
Min/max T:299.958 300.036
DICPCG:  Solving for p_rgh, Initial residual = 0.463121, Final residual = 0.00290576, No Iterations 7
DICPCG:  Solving for p_rgh, Initial residual = 0.0284107, Final residual = 0.00018149, No Iterations 6
DICPCG:  Solving for p_rgh, Initial residual = 0.00265564, Final residual = 2.09679e-05, No Iterations 6
diagonal:  Solving for rho, Initial residual = 0, Final residual = 0, No Iterations 0
time step continuity errors (domain0): sum local = 1.91035e-09, global = 3.30184e-10, cumulative = 8.97006e-10
DICPCG:  Solving for p_rgh, Initial residual = 0.0124599, Final residual = 0.000116332, No Iterations 6
DICPCG:  Solving for p_rgh, Initial residual = 0.000835744, Final residual = 5.1255e-06, No Iterations 6
DICPCG:  Solving for p_rgh, Initial residual = 8.88679e-05, Final residual = 5.95881e-07, No Iterations 7
diagonal:  Solving for rho, Initial residual = 0, Final residual = 0, No Iterations 0
time step continuity errors (domain0): sum local = 1.42215e-10, global = -4.0402e-12, cumulative = 8.92966e-10
DICPCG:  Solving for p_rgh, Initial residual = 0.00111561, Final residual = 1.00998e-05, No Iterations 6
DICPCG:  Solving for p_rgh, Initial residual = 7.1636e-05, Final residual = 5.06318e-07, No Iterations 6
DICPCG:  Solving for p_rgh, Initial residual = 8.24788e-06, Final residual = 8.75225e-08, No Iterations 7
diagonal:  Solving for rho, Initial residual = 0, Final residual = 0, No Iterations 0
time step continuity errors (domain0): sum local = 8.58969e-12, global = 5.22678e-12, cumulative = 8.98193e-10
DILUPBiCGStab:  Solving for epsilon, Initial residual = 0.000216089, Final residual = 2.00595e-09, No Iterations 1
bounding epsilon, min: -0.0637845 max: 113.587 average: 7.75873
DILUPBiCGStab:  Solving for k, Initial residual = 0.48699, Final residual = 3.04672e-08, No Iterations 2

Solving for solid region CPU
DICPCG:  Solving for h, Initial residual = 3.5772e-05, Final residual = 4.58957e-07, No Iterations 3
DICPCG:  Solving for h, Initial residual = 3.24006e-06, Final residual = 5.97584e-07, No Iterations 1
DICPCG:  Solving for h, Initial residual = 7.25826e-07, Final residual = 7.25826e-07, No Iterations 0
Min/max T:300 300.259

Solving for solid region Heatsink
DICPCG:  Solving for h, Initial residual = 0.00906165, Final residual = 9.47771e-07, No Iterations 8
DICPCG:  Solving for h, Initial residual = 0.00886755, Final residual = 8.95451e-07, No Iterations 8
DICPCG:  Solving for h, Initial residual = 0.0087674, Final residual = 8.77075e-07, No Iterations 8
Min/max T:300 300

Solving for solid region FRONT_PANEL
DICPCG:  Solving for h, Initial residual = 0.00456911, Final residual = 7.20791e-07, No Iterations 4
DICPCG:  Solving for h, Initial residual = 0.0044676, Final residual = 7.11796e-07, No Iterations 4
DICPCG:  Solving for h, Initial residual = 0.00442781, Final residual = 7.37636e-07, No Iterations 4
Min/max T:300 300
ExecutionTime = 20.93 s  ClockTime = 21 s

Region: domain0 Courant Number mean: 8.53897e-05 max: 0.083555
Region: CPU Diffusion Number mean: 0.00137698 max: 0.0200672
Region: Heatsink Diffusion Number mean: 0.00158109 max: 0.0866084
Region: FRONT_PANEL Diffusion Number mean: 4.62331e-05 max: 0.0482787
deltaT = 1.72798e-05
Time = 4.36794e-05


Solving for fluid region domain0
diagonal:  Solving for rho, Initial residual = 0, Final residual = 0, No Iterations 0
DILUPBiCGStab:  Solving for Ux, Initial residual = 0.284737, Final residual = 7.94573e-08, No Iterations 2
DILUPBiCGStab:  Solving for Uy, Initial residual = 0.289231, Final residual = 2.94223e-08, No Iterations 2
DILUPBiCGStab:  Solving for Uz, Initial residual = 0.10282, Final residual = 1.19525e-08, No Iterations 2
DILUPBiCGStab:  Solving for h, Initial residual = 0.959996, Final residual = 2.21139e-09, No Iterations 2
Min/max T:299.718 300.355
DICPCG:  Solving for p_rgh, Initial residual = 0.376733, Final residual = 0.00224233, No Iterations 8
DICPCG:  Solving for p_rgh, Initial residual = 0.0275324, Final residual = 0.000260194, No Iterations 6
DICPCG:  Solving for p_rgh, Initial residual = 0.00230318, Final residual = 1.56317e-05, No Iterations 7
diagonal:  Solving for rho, Initial residual = 0, Final residual = 0, No Iterations 0
time step continuity errors (domain0): sum local = 2.29152e-09, global = 7.04301e-10, cumulative = 1.60249e-09
DICPCG:  Solving for p_rgh, Initial residual = 0.0132737, Final residual = 0.000122931, No Iterations 7
DICPCG:  Solving for p_rgh, Initial residual = 0.00118113, Final residual = 9.01938e-06, No Iterations 6
DICPCG:  Solving for p_rgh, Initial residual = 0.000120892, Final residual = 9.88517e-07, No Iterations 10
diagonal:  Solving for rho, Initial residual = 0, Final residual = 0, No Iterations 0
time step continuity errors (domain0): sum local = 2.46396e-10, global = -3.83444e-11, cumulative = 1.56415e-09
DICPCG:  Solving for p_rgh, Initial residual = 0.00135133, Final residual = 1.28353e-05, No Iterations 7
DICPCG:  Solving for p_rgh, Initial residual = 0.000109323, Final residual = 8.58636e-07, No Iterations 6
DICPCG:  Solving for p_rgh, Initial residual = 1.10797e-05, Final residual = 9.31087e-08, No Iterations 8
diagonal:  Solving for rho, Initial residual = 0, Final residual = 0, No Iterations 0
time step continuity errors (domain0): sum local = 1.49306e-11, global = 7.36375e-12, cumulative = 1.57151e-09
DILUPBiCGStab:  Solving for epsilon, Initial residual = 0.000260395, Final residual = 1.97853e-08, No Iterations 1
bounding epsilon, min: -0.151446 max: 132.083 average: 7.74321
DILUPBiCGStab:  Solving for k, Initial residual = 0.298536, Final residual = 1.10234e-08, No Iterations 2

Solving for solid region CPU
DICPCG:  Solving for h, Initial residual = 7.25826e-07, Final residual = 7.25826e-07, No Iterations 0
DICPCG:  Solving for h, Initial residual = 7.25826e-07, Final residual = 7.25826e-07, No Iterations 0
DICPCG:  Solving for h, Initial residual = 7.25826e-07, Final residual = 7.25826e-07, No Iterations 0
Min/max T:300 300.259

Solving for solid region Heatsink
DICPCG:  Solving for h, Initial residual = 0.00871641, Final residual = 8.60729e-07, No Iterations 8
DICPCG:  Solving for h, Initial residual = 0.00863354, Final residual = 8.01943e-07, No Iterations 8
DICPCG:  Solving for h, Initial residual = 0.00859015, Final residual = 8.52113e-07, No Iterations 8
Min/max T:300 300

Solving for solid region FRONT_PANEL
DICPCG:  Solving for h, Initial residual = 0.00439597, Final residual = 7.15268e-07, No Iterations 4
DICPCG:  Solving for h, Initial residual = 0.00440816, Final residual = 7.37616e-07, No Iterations 4
DICPCG:  Solving for h, Initial residual = 0.00441265, Final residual = 7.81761e-07, No Iterations 4
Min/max T:300 300
ExecutionTime = 29.86 s  ClockTime = 30 s

Region: domain0 Courant Number mean: 0.000168167 max: 0.148561
Region: CPU Diffusion Number mean: 0.00165239 max: 0.0240807
Region: Heatsink Diffusion Number mean: 0.00189732 max: 0.103931
Region: FRONT_PANEL Diffusion Number mean: 5.54801e-05 max: 0.0579347
deltaT = 2.07356e-05
Time = 6.44151e-05


Solving for fluid region domain0
diagonal:  Solving for rho, Initial residual = 0, Final residual = 0, No Iterations 0
DILUPBiCGStab:  Solving for Ux, Initial residual = 0.244522, Final residual = 5.3096e-08, No Iterations 2
DILUPBiCGStab:  Solving for Uy, Initial residual = 0.230909, Final residual = 7.50267e-08, No Iterations 2
DILUPBiCGStab:  Solving for Uz, Initial residual = 0.0812587, Final residual = 7.81487e-08, No Iterations 2
DILUPBiCGStab:  Solving for h, Initial residual = 0.355685, Final residual = 8.58139e-08, No Iterations 2
Min/max T:299.541 300.665
DICPCG:  Solving for p_rgh, Initial residual = 0.264189, Final residual = 0.00167503, No Iterations 10
DICPCG:  Solving for p_rgh, Initial residual = 0.0191471, Final residual = 0.000191049, No Iterations 6
DICPCG:  Solving for p_rgh, Initial residual = 0.00157168, Final residual = 1.51726e-05, No Iterations 8
diagonal:  Solving for rho, Initial residual = 0, Final residual = 0, No Iterations 0
time step continuity errors (domain0): sum local = 3.98595e-09, global = 7.88764e-10, cumulative = 2.36028e-09
DICPCG:  Solving for p_rgh, Initial residual = 0.00598742, Final residual = 4.51225e-05, No Iterations 9
DICPCG:  Solving for p_rgh, Initial residual = 0.000826602, Final residual = 6.70641e-06, No Iterations 7
DICPCG:  Solving for p_rgh, Initial residual = 7.43031e-05, Final residual = 6.78531e-07, No Iterations 12
diagonal:  Solving for rho, Initial residual = 0, Final residual = 0, No Iterations 0
time step continuity errors (domain0): sum local = 3.07044e-10, global = -1.6488e-10, cumulative = 2.1954e-09
DICPCG:  Solving for p_rgh, Initial residual = 0.000745773, Final residual = 5.45093e-06, No Iterations 9
DICPCG:  Solving for p_rgh, Initial residual = 8.88461e-05, Final residual = 6.6485e-07, No Iterations 7
DICPCG:  Solving for p_rgh, Initial residual = 8.34731e-06, Final residual = 9.18401e-08, No Iterations 7
diagonal:  Solving for rho, Initial residual = 0, Final residual = 0, No Iterations 0
time step continuity errors (domain0): sum local = 2.50654e-11, global = 3.81763e-12, cumulative = 2.19922e-09
DILUPBiCGStab:  Solving for epsilon, Initial residual = 0.000327459, Final residual = 1.34069e-08, No Iterations 2
bounding epsilon, min: -0.0172253 max: 229.396 average: 7.72718
DILUPBiCGStab:  Solving for k, Initial residual = 0.191386, Final residual = 6.71165e-09, No Iterations 3

Solving for solid region CPU
DICPCG:  Solving for h, Initial residual = 7.25826e-07, Final residual = 7.25826e-07, No Iterations 0
DICPCG:  Solving for h, Initial residual = 7.25826e-07, Final residual = 7.25826e-07, No Iterations 0
DICPCG:  Solving for h, Initial residual = 7.25826e-07, Final residual = 7.25826e-07, No Iterations 0
Min/max T:300 300.259

Solving for solid region Heatsink
DICPCG:  Solving for h, Initial residual = 0.00852167, Final residual = 7.85017e-07, No Iterations 8
DICPCG:  Solving for h, Initial residual = 0.00852576, Final residual = 8.0559e-07, No Iterations 8
DICPCG:  Solving for h, Initial residual = 0.00847744, Final residual = 8.17435e-07, No Iterations 8
Min/max T:300 300

Solving for solid region FRONT_PANEL
DICPCG:  Solving for h, Initial residual = 0.00438307, Final residual = 7.04723e-07, No Iterations 4
DICPCG:  Solving for h, Initial residual = 0.00437437, Final residual = 7.11201e-07, No Iterations 4
DICPCG:  Solving for h, Initial residual = 0.00438937, Final residual = 7.21256e-07, No Iterations 4
Min/max T:300 300
ExecutionTime = 37.39 s  ClockTime = 38 s

Region: domain0 Courant Number mean: 0.000287148 max: 0.176764
Region: CPU Diffusion Number mean: 0.00198285 max: 0.0288967
Region: Heatsink Diffusion Number mean: 0.00227676 max: 0.124716
Region: FRONT_PANEL Diffusion Number mean: 6.65757e-05 max: 0.0695212
deltaT = 2.48823e-05
Time = 8.92974e-05


Solving for fluid region domain0
diagonal:  Solving for rho, Initial residual = 0, Final residual = 0, No Iterations 0
DILUPBiCGStab:  Solving for Ux, Initial residual = 0.214963, Final residual = 2.05421e-08, No Iterations 3
DILUPBiCGStab:  Solving for Uy, Initial residual = 0.178045, Final residual = 1.21781e-08, No Iterations 4
DILUPBiCGStab:  Solving for Uz, Initial residual = 0.0697264, Final residual = 3.28952e-08, No Iterations 2
DILUPBiCGStab:  Solving for h, Initial residual = 0.262374, Final residual = 7.723e-08, No Iterations 2
Min/max T:299.411 300.705
DICPCG:  Solving for p_rgh, Initial residual = 0.233652, Final residual = 0.00226973, No Iterations 11
DICPCG:  Solving for p_rgh, Initial residual = 0.0230337, Final residual = 0.000228466, No Iterations 7
DICPCG:  Solving for p_rgh, Initial residual = 0.00218997, Final residual = 1.81028e-05, No Iterations 9
diagonal:  Solving for rho, Initial residual = 0, Final residual = 0, No Iterations 0
time step continuity errors (domain0): sum local = 7.28134e-09, global = 7.11545e-10, cumulative = 2.91076e-09
DICPCG:  Solving for p_rgh, Initial residual = 0.00647214, Final residual = 5.42378e-05, No Iterations 11
DICPCG:  Solving for p_rgh, Initial residual = 0.00097883, Final residual = 6.86188e-06, No Iterations 8
DICPCG:  Solving for p_rgh, Initial residual = 0.000123491, Final residual = 1.17316e-06, No Iterations 13
diagonal:  Solving for rho, Initial residual = 0, Final residual = 0, No Iterations 0
time step continuity errors (domain0): sum local = 6.58226e-10, global = -1.09984e-10, cumulative = 2.80078e-09
DICPCG:  Solving for p_rgh, Initial residual = 0.000800296, Final residual = 6.63006e-06, No Iterations 11
DICPCG:  Solving for p_rgh, Initial residual = 0.000123278, Final residual = 6.67609e-07, No Iterations 8
DICPCG:  Solving for p_rgh, Initial residual = 1.51876e-05, Final residual = 9.27185e-08, No Iterations 11
diagonal:  Solving for rho, Initial residual = 0, Final residual = 0, No Iterations 0
time step continuity errors (domain0): sum local = 3.92492e-11, global = 1.85255e-11, cumulative = 2.8193e-09
DILUPBiCGStab:  Solving for epsilon, Initial residual = 0.000445819, Final residual = 5.11762e-08, No Iterations 2
bounding epsilon, min: -0.336496 max: 1741.8 average: 7.71607
DILUPBiCGStab:  Solving for k, Initial residual = 0.133241, Final residual = 1.92162e-08, No Iterations 4

Solving for solid region CPU
DICPCG:  Solving for h, Initial residual = 7.25826e-07, Final residual = 7.25826e-07, No Iterations 0
DICPCG:  Solving for h, Initial residual = 7.25826e-07, Final residual = 7.25826e-07, No Iterations 0
DICPCG:  Solving for h, Initial residual = 7.25826e-07, Final residual = 7.25826e-07, No Iterations 0
Min/max T:300 300.259

Solving for solid region Heatsink
DICPCG:  Solving for h, Initial residual = 0.00851775, Final residual = 7.93936e-07, No Iterations 8
DICPCG:  Solving for h, Initial residual = 0.00850889, Final residual = 7.53584e-07, No Iterations 8
DICPCG:  Solving for h, Initial residual = 0.00849814, Final residual = 8.46143e-07, No Iterations 8
Min/max T:300 300

Solving for solid region FRONT_PANEL
DICPCG:  Solving for h, Initial residual = 0.00438516, Final residual = 7.28523e-07, No Iterations 4
DICPCG:  Solving for h, Initial residual = 0.00435012, Final residual = 6.96849e-07, No Iterations 4
DICPCG:  Solving for h, Initial residual = 0.00435805, Final residual = 6.98131e-07, No Iterations 4
Min/max T:300 300
ExecutionTime = 45.43 s  ClockTime = 46 s

Region: domain0 Courant Number mean: 0.000435522 max: 0.182038
Region: CPU Diffusion Number mean: 0.00237938 max: 0.0346754
Region: Heatsink Diffusion Number mean: 0.00273207 max: 0.149657
Region: FRONT_PANEL Diffusion Number mean: 7.98895e-05 max: 0.083424
deltaT = 2.98579e-05
Time = 0.000119155


Solving for fluid region domain0
diagonal:  Solving for rho, Initial residual = 0, Final residual = 0, No Iterations 0
DILUPBiCGStab:  Solving for Ux, Initial residual = 0.206471, Final residual = 7.43817e-09, No Iterations 3
DILUPBiCGStab:  Solving for Uy, Initial residual = 0.160527, Final residual = 2.82252e-08, No Iterations 3
DILUPBiCGStab:  Solving for Uz, Initial residual = 0.0619043, Final residual = 8.98266e-09, No Iterations 2
DILUPBiCGStab:  Solving for h, Initial residual = 0.196338, Final residual = 2.64804e-08, No Iterations 2
Min/max T:299.276 300.414
DICPCG:  Solving for p_rgh, Initial residual = 0.182539, Final residual = 0.00138254, No Iterations 13
DICPCG:  Solving for p_rgh, Initial residual = 0.0224168, Final residual = 0.000171949, No Iterations 8
DICPCG:  Solving for p_rgh, Initial residual = 0.00198951, Final residual = 1.66864e-05, No Iterations 11
diagonal:  Solving for rho, Initial residual = 0, Final residual = 0, No Iterations 0
time step continuity errors (domain0): sum local = 9.28235e-09, global = 1.57353e-10, cumulative = 2.97665e-09
DICPCG:  Solving for p_rgh, Initial residual = 0.00597024, Final residual = 4.54497e-05, No Iterations 13
DICPCG:  Solving for p_rgh, Initial residual = 0.000989337, Final residual = 8.90329e-06, No Iterations 8
DICPCG:  Solving for p_rgh, Initial residual = 0.000120175, Final residual = 1.15806e-06, No Iterations 15
diagonal:  Solving for rho, Initial residual = 0, Final residual = 0, No Iterations 0
time step continuity errors (domain0): sum local = 8.7896e-10, global = -1.42725e-10, cumulative = 2.83393e-09
DICPCG:  Solving for p_rgh, Initial residual = 0.000832027, Final residual = 6.18817e-06, No Iterations 13
DICPCG:  Solving for p_rgh, Initial residual = 0.000139706, Final residual = 1.14878e-06, No Iterations 8
DICPCG:  Solving for p_rgh, Initial residual = 1.62161e-05, Final residual = 8.28912e-08, No Iterations 17
diagonal:  Solving for rho, Initial residual = 0, Final residual = 0, No Iterations 0
time step continuity errors (domain0): sum local = 4.76873e-11, global = 4.36e-12, cumulative = 2.83829e-09
DILUPBiCGStab:  Solving for epsilon, Initial residual = 0.000566131, Final residual = 3.23077e-08, No Iterations 2
bounding epsilon, min: -0.243286 max: 5084.47 average: 7.71397
DILUPBiCGStab:  Solving for k, Initial residual = 0.0909752, Final residual = 8.80558e-08, No Iterations 3

Solving for solid region CPU
DICPCG:  Solving for h, Initial residual = 7.25826e-07, Final residual = 7.25826e-07, No Iterations 0
DICPCG:  Solving for h, Initial residual = 7.25826e-07, Final residual = 7.25826e-07, No Iterations 0
DICPCG:  Solving for h, Initial residual = 7.25826e-07, Final residual = 7.25826e-07, No Iterations 0
Min/max T:300 300.259

Solving for solid region Heatsink
DICPCG:  Solving for h, Initial residual = 0.00852831, Final residual = 8.69782e-07, No Iterations 8
DICPCG:  Solving for h, Initial residual = 0.00849292, Final residual = 8.24874e-07, No Iterations 8
DICPCG:  Solving for h, Initial residual = 0.00846703, Final residual = 8.59069e-07, No Iterations 8
Min/max T:300 300

Solving for solid region FRONT_PANEL
DICPCG:  Solving for h, Initial residual = 0.00438119, Final residual = 7.50227e-07, No Iterations 4
DICPCG:  Solving for h, Initial residual = 0.00436649, Final residual = 6.99658e-07, No Iterations 4
DICPCG:  Solving for h, Initial residual = 0.00435924, Final residual = 7.26086e-07, No Iterations 4
Min/max T:300 300
ExecutionTime = 53.46 s  ClockTime = 54 s

Region: domain0 Courant Number mean: 0.00061777 max: 0.21486
Region: CPU Diffusion Number mean: 0.00285517 max: 0.0416093
Region: Heatsink Diffusion Number mean: 0.00327839 max: 0.179583
Region: FRONT_PANEL Diffusion Number mean: 9.58645e-05 max: 0.100106
deltaT = 3.58286e-05
Time = 0.000154984


Solving for fluid region domain0
diagonal:  Solving for rho, Initial residual = 0, Final residual = 0, No Iterations 0
DILUPBiCGStab:  Solving for Ux, Initial residual = 0.1913, Final residual = 2.91249e-08, No Iterations 2
DILUPBiCGStab:  Solving for Uy, Initial residual = 0.167558, Final residual = 2.00247e-08, No Iterations 2
DILUPBiCGStab:  Solving for Uz, Initial residual = 0.071386, Final residual = 1.25134e-08, No Iterations 2
DILUPBiCGStab:  Solving for h, Initial residual = 0.146335, Final residual = 5.82569e-08, No Iterations 2
Min/max T:299.041 300.296
DICPCG:  Solving for p_rgh, Initial residual = 0.156659, Final residual = 0.00154436, No Iterations 15
DICPCG:  Solving for p_rgh, Initial residual = 0.0229191, Final residual = 0.00022843, No Iterations 11
DICPCG:  Solving for p_rgh, Initial residual = 0.0016677, Final residual = 1.60046e-05, No Iterations 20
diagonal:  Solving for rho, Initial residual = 0, Final residual = 0, No Iterations 0
time step continuity errors (domain0): sum local = 1.0779e-08, global = 1.31727e-10, cumulative = 2.97002e-09
DICPCG:  Solving for p_rgh, Initial residual = 0.00476633, Final residual = 4.66447e-05, No Iterations 15
DICPCG:  Solving for p_rgh, Initial residual = 0.000882328, Final residual = 7.91218e-06, No Iterations 16
DICPCG:  Solving for p_rgh, Initial residual = 8.09464e-05, Final residual = 7.42504e-07, No Iterations 19
diagonal:  Solving for rho, Initial residual = 0, Final residual = 0, No Iterations 0
time step continuity errors (domain0): sum local = 7.79173e-10, global = -3.78704e-10, cumulative = 2.59131e-09
DICPCG:  Solving for p_rgh, Initial residual = 0.000613232, Final residual = 5.71573e-06, No Iterations 15
DICPCG:  Solving for p_rgh, Initial residual = 0.000114722, Final residual = 1.11769e-06, No Iterations 16
DICPCG:  Solving for p_rgh, Initial residual = 1.05927e-05, Final residual = 9.84972e-08, No Iterations 20
diagonal:  Solving for rho, Initial residual = 0, Final residual = 0, No Iterations 0
time step continuity errors (domain0): sum local = 6.76373e-11, global = -1.49433e-11, cumulative = 2.57637e-09
DILUPBiCGStab:  Solving for epsilon, Initial residual = 0.000613915, Final residual = 3.33302e-08, No Iterations 2
bounding epsilon, min: -0.52065 max: 6017.4 average: 7.70065
DILUPBiCGStab:  Solving for k, Initial residual = 0.0712797, Final residual = 3.03163e-08, No Iterations 3

Solving for solid region CPU
DICPCG:  Solving for h, Initial residual = 7.25826e-07, Final residual = 7.25826e-07, No Iterations 0
DICPCG:  Solving for h, Initial residual = 7.25826e-07, Final residual = 7.25826e-07, No Iterations 0
DICPCG:  Solving for h, Initial residual = 7.25826e-07, Final residual = 7.25826e-07, No Iterations 0
Min/max T:300 300.259

Solving for solid region Heatsink
DICPCG:  Solving for h, Initial residual = 0.00847473, Final residual = 8.90609e-07, No Iterations 8
DICPCG:  Solving for h, Initial residual = 0.00847872, Final residual = 8.30451e-07, No Iterations 8
DICPCG:  Solving for h, Initial residual = 0.0084885, Final residual = 8.09406e-07, No Iterations 8
Min/max T:300 300

Solving for solid region FRONT_PANEL
DICPCG:  Solving for h, Initial residual = 0.00435953, Final residual = 7.33318e-07, No Iterations 4
DICPCG:  Solving for h, Initial residual = 0.00437163, Final residual = 7.79833e-07, No Iterations 4
DICPCG:  Solving for h, Initial residual = 0.00436974, Final residual = 7.51342e-07, No Iterations 4
Min/max T:300 300
ExecutionTime = 61.92 s  ClockTime = 62 s

Region: domain0 Courant Number mean: 0.000863925 max: 0.214359
Region: CPU Diffusion Number mean: 0.00342613 max: 0.0499299
Region: Heatsink Diffusion Number mean: 0.00393397 max: 0.215494
Region: FRONT_PANEL Diffusion Number mean: 0.000115035 max: 0.120124
deltaT = 4.29937e-05
Time = 0.000197978


Solving for fluid region domain0
diagonal:  Solving for rho, Initial residual = 0, Final residual = 0, No Iterations 0
DILUPBiCGStab:  Solving for Ux, Initial residual = 0.169371, Final residual = 5.89564e-08, No Iterations 3
DILUPBiCGStab:  Solving for Uy, Initial residual = 0.163063, Final residual = 6.45075e-08, No Iterations 3
DILUPBiCGStab:  Solving for Uz, Initial residual = 0.0792372, Final residual = 7.11231e-08, No Iterations 2
DILUPBiCGStab:  Solving for h, Initial residual = 0.13263, Final residual = 7.34041e-09, No Iterations 3
Min/max T:299.103 300.272
DICPCG:  Solving for p_rgh, Initial residual = 0.173105, Final residual = 0.00168563, No Iterations 21
DICPCG:  Solving for p_rgh, Initial residual = 0.0316769, Final residual = 0.000272722, No Iterations 18
DICPCG:  Solving for p_rgh, Initial residual = 0.00241796, Final residual = 2.28698e-05, No Iterations 21
diagonal:  Solving for rho, Initial residual = 0, Final residual = 0, No Iterations 0
time step continuity errors (domain0): sum local = 1.7746e-08, global = -3.28044e-09, cumulative = -7.04072e-10
DICPCG:  Solving for p_rgh, Initial residual = 0.00675164, Final residual = 6.33783e-05, No Iterations 22
DICPCG:  Solving for p_rgh, Initial residual = 0.00156701, Final residual = 1.33924e-05, No Iterations 17
DICPCG:  Solving for p_rgh, Initial residual = 0.000168324, Final residual = 1.66053e-06, No Iterations 19
diagonal:  Solving for rho, Initial residual = 0, Final residual = 0, No Iterations 0
time step continuity errors (domain0): sum local = 1.6338e-09, global = -2.42936e-10, cumulative = -9.47007e-10
DICPCG:  Solving for p_rgh, Initial residual = 0.000937551, Final residual = 9.02178e-06, No Iterations 22
DICPCG:  Solving for p_rgh, Initial residual = 0.000221025, Final residual = 2.06597e-06, No Iterations 17
DICPCG:  Solving for p_rgh, Initial residual = 2.52971e-05, Final residual = 8.30894e-08, No Iterations 25
diagonal:  Solving for rho, Initial residual = 0, Final residual = 0, No Iterations 0
time step continuity errors (domain0): sum local = 6.91951e-11, global = -1.19288e-11, cumulative = -9.58936e-10
DILUPBiCGStab:  Solving for epsilon, Initial residual = 0.000698385, Final residual = 2.37186e-08, No Iterations 2
bounding epsilon, min: -1.26639 max: 5780.6 average: 7.6764
DILUPBiCGStab:  Solving for k, Initial residual = 0.0630781, Final residual = 8.15173e-08, No Iterations 3

Solving for solid region CPU
DICPCG:  Solving for h, Initial residual = 7.25826e-07, Final residual = 7.25826e-07, No Iterations 0
DICPCG:  Solving for h, Initial residual = 7.25826e-07, Final residual = 7.25826e-07, No Iterations 0
DICPCG:  Solving for h, Initial residual = 7.25826e-07, Final residual = 7.25826e-07, No Iterations 0
Min/max T:300 300.259

Solving for solid region Heatsink
DICPCG:  Solving for h, Initial residual = 0.00844848, Final residual = 8.72416e-07, No Iterations 8
DICPCG:  Solving for h, Initial residual = 0.00850151, Final residual = 8.90303e-07, No Iterations 8
DICPCG:  Solving for h, Initial residual = 0.00846633, Final residual = 8.87941e-07, No Iterations 8
Min/max T:300 300

Solving for solid region FRONT_PANEL
DICPCG:  Solving for h, Initial residual = 0.00434713, Final residual = 7.25147e-07, No Iterations 4
DICPCG:  Solving for h, Initial residual = 0.00435165, Final residual = 7.78768e-07, No Iterations 4
DICPCG:  Solving for h, Initial residual = 0.00438661, Final residual = 7.18879e-07, No Iterations 4
Min/max T:300 300
ExecutionTime = 71.47 s  ClockTime = 72 s

Region: domain0 Courant Number mean: 0.00120928 max: 0.222972
Region: CPU Diffusion Number mean: 0.00411129 max: 0.059915
Region: Heatsink Diffusion Number mean: 0.0047207 max: 0.258589
Region: FRONT_PANEL Diffusion Number mean: 0.00013804 max: 0.144147
deltaT = 5.15898e-05
Time = 0.000249567


Solving for fluid region domain0
diagonal:  Solving for rho, Initial residual = 0, Final residual = 0, No Iterations 0
DILUPBiCGStab:  Solving for Ux, Initial residual = 0.141887, Final residual = 4.57513e-08, No Iterations 4
DILUPBiCGStab:  Solving for Uy, Initial residual = 0.147116, Final residual = 8.65277e-08, No Iterations 3
DILUPBiCGStab:  Solving for Uz, Initial residual = 0.0775788, Final residual = 1.81176e-09, No Iterations 4
DILUPBiCGStab:  Solving for h, Initial residual = 0.144893, Final residual = 9.40843e-08, No Iterations 4
Min/max T:299.267 300.313
DICPCG:  Solving for p_rgh, Initial residual = 0.174064, Final residual = 0.00146643, No Iterations 34
DICPCG:  Solving for p_rgh, Initial residual = 0.0357837, Final residual = 0.000341502, No Iterations 16
DICPCG:  Solving for p_rgh, Initial residual = 0.00246074, Final residual = 2.33817e-05, No Iterations 28
diagonal:  Solving for rho, Initial residual = 0, Final residual = 0, No Iterations 0
time step continuity errors (domain0): sum local = 2.2416e-08, global = -1.00492e-09, cumulative = -1.96385e-09
DICPCG:  Solving for p_rgh, Initial residual = 0.00675152, Final residual = 5.39285e-05, No Iterations 29
DICPCG:  Solving for p_rgh, Initial residual = 0.00167552, Final residual = 1.59758e-05, No Iterations 19
DICPCG:  Solving for p_rgh, Initial residual = 0.000157842, Final residual = 1.45805e-06, No Iterations 24
diagonal:  Solving for rho, Initial residual = 0, Final residual = 0, No Iterations 0
time step continuity errors (domain0): sum local = 1.80137e-09, global = -4.31451e-10, cumulative = -2.3953e-09
DICPCG:  Solving for p_rgh, Initial residual = 0.000961407, Final residual = 8.44994e-06, No Iterations 29
DICPCG:  Solving for p_rgh, Initial residual = 0.000237281, Final residual = 2.31558e-06, No Iterations 14
DICPCG:  Solving for p_rgh, Initial residual = 2.27059e-05, Final residual = 9.16006e-08, No Iterations 33
diagonal:  Solving for rho, Initial residual = 0, Final residual = 0, No Iterations 0
time step continuity errors (domain0): sum local = 9.37563e-11, global = -6.03595e-12, cumulative = -2.40134e-09
DILUPBiCGStab:  Solving for epsilon, Initial residual = 0.000822195, Final residual = 2.09816e-08, No Iterations 2
bounding epsilon, min: -1.35051 max: 5235.67 average: 7.64778
DILUPBiCGStab:  Solving for k, Initial residual = 0.0595297, Final residual = 1.64579e-08, No Iterations 3

Solving for solid region CPU
DICPCG:  Solving for h, Initial residual = 7.25826e-07, Final residual = 7.25826e-07, No Iterations 0
DICPCG:  Solving for h, Initial residual = 7.25826e-07, Final residual = 7.25826e-07, No Iterations 0
DICPCG:  Solving for h, Initial residual = 7.25826e-07, Final residual = 7.25826e-07, No Iterations 0
Min/max T:300 300.259

Solving for solid region Heatsink
DICPCG:  Solving for h, Initial residual = 0.00846471, Final residual = 8.38594e-07, No Iterations 8
DICPCG:  Solving for h, Initial residual = 0.00847395, Final residual = 7.7931e-07, No Iterations 8
DICPCG:  Solving for h, Initial residual = 0.00840963, Final residual = 7.89773e-07, No Iterations 8
Min/max T:300 300

Solving for solid region FRONT_PANEL
DICPCG:  Solving for h, Initial residual = 0.00437809, Final residual = 7.79209e-07, No Iterations 4
DICPCG:  Solving for h, Initial residual = 0.00434166, Final residual = 7.49133e-07, No Iterations 4
DICPCG:  Solving for h, Initial residual = 0.00435721, Final residual = 7.30142e-07, No Iterations 4
Min/max T:300 300
ExecutionTime = 82.05 s  ClockTime = 83 s

Region: domain0 Courant Number mean: 0.00167398 max: 0.280338
Region: CPU Diffusion Number mean: 0.0049333 max: 0.0718943
Region: Heatsink Diffusion Number mean: 0.00566454 max: 0.310291
Region: FRONT_PANEL Diffusion Number mean: 0.000165639 max: 0.172967
deltaT = 6.19039e-05
Time = 0.000311471


Solving for fluid region domain0
diagonal:  Solving for rho, Initial residual = 0, Final residual = 0, No Iterations 0
DILUPBiCGStab:  Solving for Ux, Initial residual = 0.120877, Final residual = 2.38628e-08, No Iterations 3
DILUPBiCGStab:  Solving for Uy, Initial residual = 0.106694, Final residual = 8.32253e-08, No Iterations 2
DILUPBiCGStab:  Solving for Uz, Initial residual = 0.0904328, Final residual = 8.70663e-09, No Iterations 3
DILUPBiCGStab:  Solving for h, Initial residual = 0.149243, Final residual = 2.07087e-08, No Iterations 3
Min/max T:299.479 300.404
DICPCG:  Solving for p_rgh, Initial residual = 0.160246, Final residual = 0.00157596, No Iterations 44
DICPCG:  Solving for p_rgh, Initial residual = 0.0380979, Final residual = 0.000345381, No Iterations 21
DICPCG:  Solving for p_rgh, Initial residual = 0.00250405, Final residual = 2.36277e-05, No Iterations 30
diagonal:  Solving for rho, Initial residual = 0, Final residual = 0, No Iterations 0
time step continuity errors (domain0): sum local = 2.89381e-08, global = -3.37648e-09, cumulative = -5.77782e-09
DICPCG:  Solving for p_rgh, Initial residual = 0.00587428, Final residual = 5.11109e-05, No Iterations 37
DICPCG:  Solving for p_rgh, Initial residual = 0.00183998, Final residual = 1.75595e-05, No Iterations 14
DICPCG:  Solving for p_rgh, Initial residual = 0.000155386, Final residual = 1.38173e-06, No Iterations 28
diagonal:  Solving for rho, Initial residual = 0, Final residual = 0, No Iterations 0
time step continuity errors (domain0): sum local = 2.07193e-09, global = -5.08612e-10, cumulative = -6.28643e-09
DICPCG:  Solving for p_rgh, Initial residual = 0.0007408, Final residual = 6.88167e-06, No Iterations 38
DICPCG:  Solving for p_rgh, Initial residual = 0.000225342, Final residual = 2.08348e-06, No Iterations 16
DICPCG:  Solving for p_rgh, Initial residual = 2.03386e-05, Final residual = 9.07802e-08, No Iterations 36
diagonal:  Solving for rho, Initial residual = 0, Final residual = 0, No Iterations 0
time step continuity errors (domain0): sum local = 1.17648e-10, global = 1.49033e-11, cumulative = -6.27153e-09
DILUPBiCGStab:  Solving for epsilon, Initial residual = 0.000980434, Final residual = 1.85143e-08, No Iterations 2
bounding epsilon, min: -0.678946 max: 4496.08 average: 7.61844
DILUPBiCGStab:  Solving for k, Initial residual = 0.0605114, Final residual = 4.81745e-08, No Iterations 3

Solving for solid region CPU
DICPCG:  Solving for h, Initial residual = 7.25826e-07, Final residual = 7.25826e-07, No Iterations 0
DICPCG:  Solving for h, Initial residual = 7.25826e-07, Final residual = 7.25826e-07, No Iterations 0
DICPCG:  Solving for h, Initial residual = 7.25826e-07, Final residual = 7.25826e-07, No Iterations 0
Min/max T:300 300.259

Solving for solid region Heatsink
DICPCG:  Solving for h, Initial residual = 0.00839308, Final residual = 7.64192e-07, No Iterations 8
DICPCG:  Solving for h, Initial residual = 0.0084204, Final residual = 7.91354e-07, No Iterations 8
DICPCG:  Solving for h, Initial residual = 0.00840336, Final residual = 7.03254e-07, No Iterations 8
Min/max T:300 300

Solving for solid region FRONT_PANEL
DICPCG:  Solving for h, Initial residual = 0.00436999, Final residual = 6.94851e-07, No Iterations 4
DICPCG:  Solving for h, Initial residual = 0.00436278, Final residual = 7.17012e-07, No Iterations 4
DICPCG:  Solving for h, Initial residual = 0.00435151, Final residual = 7.29122e-07, No Iterations 4
Min/max T:300 300
ExecutionTime = 93.03 s  ClockTime = 94 s

Region: domain0 Courant Number mean: 0.0022766 max: 0.414808
Region: CPU Diffusion Number mean: 0.00591959 max: 0.0862679
Region: Heatsink Diffusion Number mean: 0.00679703 max: 0.372326
Region: FRONT_PANEL Diffusion Number mean: 0.000198754 max: 0.207548
deltaT = 7.4281e-05
Time = 0.000385752


Solving for fluid region domain0
diagonal:  Solving for rho, Initial residual = 0, Final residual = 0, No Iterations 0
DILUPBiCGStab:  Solving for Ux, Initial residual = 0.115906, Final residual = 9.10048e-08, No Iterations 4
DILUPBiCGStab:  Solving for Uy, Initial residual = 0.129489, Final residual = 3.7971e-08, No Iterations 5
DILUPBiCGStab:  Solving for Uz, Initial residual = 0.0911038, Final residual = 2.62855e-08, No Iterations 5
DILUPBiCGStab:  Solving for h, Initial residual = 0.140806, Final residual = 5.19387e-08, No Iterations 4
Min/max T:299.51 300.373
DICPCG:  Solving for p_rgh, Initial residual = 0.146262, Final residual = 0.00145912, No Iterations 56
DICPCG:  Solving for p_rgh, Initial residual = 0.0403709, Final residual = 0.000390581, No Iterations 19
DICPCG:  Solving for p_rgh, Initial residual = 0.0026434, Final residual = 2.44726e-05, No Iterations 36
diagonal:  Solving for rho, Initial residual = 0, Final residual = 0, No Iterations 0
time step continuity errors (domain0): sum local = 3.80905e-08, global = -5.28476e-09, cumulative = -1.15563e-08
DICPCG:  Solving for p_rgh, Initial residual = 0.0066298, Final residual = 6.57544e-05, No Iterations 45
DICPCG:  Solving for p_rgh, Initial residual = 0.00240069, Final residual = 2.36861e-05, No Iterations 16
DICPCG:  Solving for p_rgh, Initial residual = 0.000191481, Final residual = 1.77656e-06, No Iterations 33
diagonal:  Solving for rho, Initial residual = 0, Final residual = 0, No Iterations 0
time step continuity errors (domain0): sum local = 3.14722e-09, global = -1.74491e-10, cumulative = -1.17308e-08
DICPCG:  Solving for p_rgh, Initial residual = 0.000884952, Final residual = 8.53597e-06, No Iterations 46
DICPCG:  Solving for p_rgh, Initial residual = 0.000299039, Final residual = 2.96719e-06, No Iterations 17
DICPCG:  Solving for p_rgh, Initial residual = 2.47265e-05, Final residual = 9.40016e-08, No Iterations 43
diagonal:  Solving for rho, Initial residual = 0, Final residual = 0, No Iterations 0
time step continuity errors (domain0): sum local = 1.55867e-10, global = 5.48879e-12, cumulative = -1.17253e-08
DILUPBiCGStab:  Solving for epsilon, Initial residual = 0.00116034, Final residual = 2.83627e-08, No Iterations 2
bounding epsilon, min: -0.359003 max: 3645.33 average: 7.59102
DILUPBiCGStab:  Solving for k, Initial residual = 0.061792, Final residual = 4.30429e-09, No Iterations 5

Solving for solid region CPU
DICPCG:  Solving for h, Initial residual = 7.25826e-07, Final residual = 7.25826e-07, No Iterations 0
DICPCG:  Solving for h, Initial residual = 7.25826e-07, Final residual = 7.25826e-07, No Iterations 0
DICPCG:  Solving for h, Initial residual = 7.25826e-07, Final residual = 7.25826e-07, No Iterations 0
Min/max T:300 300.259

Solving for solid region Heatsink
DICPCG:  Solving for h, Initial residual = 0.00840933, Final residual = 7.59168e-07, No Iterations 8
DICPCG:  Solving for h, Initial residual = 0.00841638, Final residual = 7.82386e-07, No Iterations 8
DICPCG:  Solving for h, Initial residual = 0.00842906, Final residual = 8.1114e-07, No Iterations 8
Min/max T:300 300

Solving for solid region FRONT_PANEL
DICPCG:  Solving for h, Initial residual = 0.00436194, Final residual = 7.52271e-07, No Iterations 4
DICPCG:  Solving for h, Initial residual = 0.00437749, Final residual = 7.31178e-07, No Iterations 4
DICPCG:  Solving for h, Initial residual = 0.00438352, Final residual = 7.40828e-07, No Iterations 4
Min/max T:300 300
ExecutionTime = 105.32 s  ClockTime = 106 s

Region: domain0 Courant Number mean: 0.00306596 max: 0.576293
Region: CPU Diffusion Number mean: 0.00710316 max: 0.103516
Region: Heatsink Diffusion Number mean: 0.00815603 max: 0.446769
Region: FRONT_PANEL Diffusion Number mean: 0.000238494 max: 0.249045
deltaT = 8.91372e-05
Time = 0.00047489


Solving for fluid region domain0
diagonal:  Solving for rho, Initial residual = 0, Final residual = 0, No Iterations 0
DILUPBiCGStab:  Solving for Ux, Initial residual = 0.135452, Final residual = 2.19083e-08, No Iterations 3
DILUPBiCGStab:  Solving for Uy, Initial residual = 0.145674, Final residual = 5.61598e-08, No Iterations 3
DILUPBiCGStab:  Solving for Uz, Initial residual = 0.0788998, Final residual = 3.47716e-08, No Iterations 4
DILUPBiCGStab:  Solving for h, Initial residual = 0.132456, Final residual = 5.47723e-08, No Iterations 4
Min/max T:299.54 300.278
DICPCG:  Solving for p_rgh, Initial residual = 0.128416, Final residual = 0.00127276, No Iterations 65
DICPCG:  Solving for p_rgh, Initial residual = 0.0424735, Final residual = 0.000421788, No Iterations 20
DICPCG:  Solving for p_rgh, Initial residual = 0.00276413, Final residual = 2.66471e-05, No Iterations 41
diagonal:  Solving for rho, Initial residual = 0, Final residual = 0, No Iterations 0
time step continuity errors (domain0): sum local = 5.22246e-08, global = -5.73513e-09, cumulative = -1.74604e-08
DICPCG:  Solving for p_rgh, Initial residual = 0.00679555, Final residual = 6.72638e-05, No Iterations 54
DICPCG:  Solving for p_rgh, Initial residual = 0.00278412, Final residual = 2.68219e-05, No Iterations 21
DICPCG:  Solving for p_rgh, Initial residual = 0.000213921, Final residual = 2.13459e-06, No Iterations 35
diagonal:  Solving for rho, Initial residual = 0, Final residual = 0, No Iterations 0
time step continuity errors (domain0): sum local = 4.55961e-09, global = -2.00366e-10, cumulative = -1.76608e-08
DICPCG:  Solving for p_rgh, Initial residual = 0.000961232, Final residual = 9.09283e-06, No Iterations 57
DICPCG:  Solving for p_rgh, Initial residual = 0.000365473, Final residual = 3.54717e-06, No Iterations 21
DICPCG:  Solving for p_rgh, Initial residual = 2.84949e-05, Final residual = 8.83651e-08, No Iterations 55
diagonal:  Solving for rho, Initial residual = 0, Final residual = 0, No Iterations 0
time step continuity errors (domain0): sum local = 1.80815e-10, global = 8.51724e-13, cumulative = -1.76599e-08
DILUPBiCGStab:  Solving for epsilon, Initial residual = 0.00136438, Final residual = 4.40667e-08, No Iterations 2
bounding epsilon, min: -0.0328708 max: 2828.16 average: 7.5698
DILUPBiCGStab:  Solving for k, Initial residual = 0.0626344, Final residual = 3.43799e-08, No Iterations 3

Solving for solid region CPU
DICPCG:  Solving for h, Initial residual = 7.25826e-07, Final residual = 7.25826e-07, No Iterations 0
DICPCG:  Solving for h, Initial residual = 7.25826e-07, Final residual = 7.25826e-07, No Iterations 0
DICPCG:  Solving for h, Initial residual = 7.25826e-07, Final residual = 7.25826e-07, No Iterations 0
Min/max T:300 300.259

Solving for solid region Heatsink
DICPCG:  Solving for h, Initial residual = 0.00838834, Final residual = 7.82615e-07, No Iterations 8
DICPCG:  Solving for h, Initial residual = 0.00835843, Final residual = 7.57359e-07, No Iterations 8
DICPCG:  Solving for h, Initial residual = 0.00836878, Final residual = 8.16657e-07, No Iterations 8
Min/max T:300 300

Solving for solid region FRONT_PANEL
DICPCG:  Solving for h, Initial residual = 0.00435248, Final residual = 7.31139e-07, No Iterations 4
DICPCG:  Solving for h, Initial residual = 0.00433436, Final residual = 7.37425e-07, No Iterations 4
DICPCG:  Solving for h, Initial residual = 0.00437032, Final residual = 7.22029e-07, No Iterations 4
Min/max T:300 300
ExecutionTime = 118.35 s  ClockTime = 119 s

Region: domain0 Courant Number mean: 0.00406955 max: 0.774884
Region: CPU Diffusion Number mean: 0.00852379 max: 0.12422
Region: Heatsink Diffusion Number mean: 0.00978724 max: 0.536123
Region: FRONT_PANEL Diffusion Number mean: 0.000286192 max: 0.298854
deltaT = 0.000106965
Time = 0.000581854


Solving for fluid region domain0
diagonal:  Solving for rho, Initial residual = 0, Final residual = 0, No Iterations 0
DILUPBiCGStab:  Solving for Ux, Initial residual = 0.165255, Final residual = 8.42341e-08, No Iterations 3
DILUPBiCGStab:  Solving for Uy, Initial residual = 0.0863454, Final residual = 9.16128e-08, No Iterations 3
DILUPBiCGStab:  Solving for Uz, Initial residual = 0.0695251, Final residual = 1.46484e-08, No Iterations 3
DILUPBiCGStab:  Solving for h, Initial residual = 0.123178, Final residual = 7.37318e-08, No Iterations 3
Min/max T:299.586 300.215
DICPCG:  Solving for p_rgh, Initial residual = 0.113991, Final residual = 0.00110925, No Iterations 76
DICPCG:  Solving for p_rgh, Initial residual = 0.0458567, Final residual = 0.000439304, No Iterations 22
DICPCG:  Solving for p_rgh, Initial residual = 0.00271786, Final residual = 2.53653e-05, No Iterations 46
diagonal:  Solving for rho, Initial residual = 0, Final residual = 0, No Iterations 0
time step continuity errors (domain0): sum local = 6.26029e-08, global = -2.39408e-09, cumulative = -2.0054e-08
DICPCG:  Solving for p_rgh, Initial residual = 0.00661588, Final residual = 6.15439e-05, No Iterations 67
DICPCG:  Solving for p_rgh, Initial residual = 0.00309915, Final residual = 3.04692e-05, No Iterations 24
DICPCG:  Solving for p_rgh, Initial residual = 0.000213477, Final residual = 1.95214e-06, No Iterations 43
diagonal:  Solving for rho, Initial residual = 0, Final residual = 0, No Iterations 0
time step continuity errors (domain0): sum local = 5.24999e-09, global = -5.74737e-10, cumulative = -2.06288e-08
DICPCG:  Solving for p_rgh, Initial residual = 0.000991922, Final residual = 9.20086e-06, No Iterations 68
DICPCG:  Solving for p_rgh, Initial residual = 0.000424813, Final residual = 4.22384e-06, No Iterations 25
DICPCG:  Solving for p_rgh, Initial residual = 2.99139e-05, Final residual = 9.98793e-08, No Iterations 54
diagonal:  Solving for rho, Initial residual = 0, Final residual = 0, No Iterations 0
time step continuity errors (domain0): sum local = 2.57894e-10, global = 5.63962e-12, cumulative = -2.06231e-08
DILUPBiCGStab:  Solving for epsilon, Initial residual = 0.00163743, Final residual = 8.60823e-08, No Iterations 2
bounding epsilon, min: -0.317776 max: 2912.94 average: 7.55966
DILUPBiCGStab:  Solving for k, Initial residual = 0.064532, Final residual = 4.63027e-08, No Iterations 3

Solving for solid region CPU
DICPCG:  Solving for h, Initial residual = 7.25826e-07, Final residual = 7.25826e-07, No Iterations 0
DICPCG:  Solving for h, Initial residual = 7.25826e-07, Final residual = 7.25826e-07, No Iterations 0
DICPCG:  Solving for h, Initial residual = 7.25826e-07, Final residual = 7.25826e-07, No Iterations 0
Min/max T:300 300.259

Solving for solid region Heatsink
DICPCG:  Solving for h, Initial residual = 0.00837655, Final residual = 7.87885e-07, No Iterations 8
DICPCG:  Solving for h, Initial residual = 0.00836637, Final residual = 7.86711e-07, No Iterations 8
DICPCG:  Solving for h, Initial residual = 0.00834391, Final residual = 7.60624e-07, No Iterations 8
Min/max T:300 300

Solving for solid region FRONT_PANEL
DICPCG:  Solving for h, Initial residual = 0.00437892, Final residual = 7.00753e-07, No Iterations 4
DICPCG:  Solving for h, Initial residual = 0.0043509, Final residual = 7.04079e-07, No Iterations 4
DICPCG:  Solving for h, Initial residual = 0.00435479, Final residual = 6.65332e-07, No Iterations 4
Min/max T:300 300
ExecutionTime = 132.82 s  ClockTime = 134 s

Region: domain0 Courant Number mean: 0.00537283 max: 1.05176
Region: CPU Diffusion Number mean: 0.0102285 max: 0.149064
Region: Heatsink Diffusion Number mean: 0.0117447 max: 0.643347
Region: FRONT_PANEL Diffusion Number mean: 0.000343431 max: 0.358625
deltaT = 0.000127305
Time = 0.000709159


Solving for fluid region domain0
diagonal:  Solving for rho, Initial residual = 0, Final residual = 0, No Iterations 0
DILUPBiCGStab:  Solving for Ux, Initial residual = 0.155715, Final residual = 2.44258e-08, No Iterations 3
DILUPBiCGStab:  Solving for Uy, Initial residual = 0.0765768, Final residual = 1.56944e-08, No Iterations 3
DILUPBiCGStab:  Solving for Uz, Initial residual = 0.067997, Final residual = 2.15376e-08, No Iterations 3
DILUPBiCGStab:  Solving for h, Initial residual = 0.124289, Final residual = 1.09438e-08, No Iterations 3
Min/max T:299.612 300.213
DICPCG:  Solving for p_rgh, Initial residual = 0.101159, Final residual = 0.000953031, No Iterations 84
DICPCG:  Solving for p_rgh, Initial residual = 0.0476941, Final residual = 0.000448474, No Iterations 21
DICPCG:  Solving for p_rgh, Initial residual = 0.00276664, Final residual = 2.5473e-05, No Iterations 53
diagonal:  Solving for rho, Initial residual = 0, Final residual = 0, No Iterations 0
time step continuity errors (domain0): sum local = 7.96057e-08, global = -1.45032e-09, cumulative = -2.20734e-08
DICPCG:  Solving for p_rgh, Initial residual = 0.00674234, Final residual = 6.51054e-05, No Iterations 73
DICPCG:  Solving for p_rgh, Initial residual = 0.0036577, Final residual = 3.61366e-05, No Iterations 21
DICPCG:  Solving for p_rgh, Initial residual = 0.00024678, Final residual = 2.4285e-06, No Iterations 50
diagonal:  Solving for rho, Initial residual = 0, Final residual = 0, No Iterations 0
time step continuity errors (domain0): sum local = 7.94842e-09, global = -5.92594e-10, cumulative = -2.2666e-08
DICPCG:  Solving for p_rgh, Initial residual = 0.00106486, Final residual = 1.00471e-05, No Iterations 75
DICPCG:  Solving for p_rgh, Initial residual = 0.000516268, Final residual = 4.87108e-06, No Iterations 22
DICPCG:  Solving for p_rgh, Initial residual = 3.4855e-05, Final residual = 9.07148e-08, No Iterations 65
diagonal:  Solving for rho, Initial residual = 0, Final residual = 0, No Iterations 0
time step continuity errors (domain0): sum local = 2.93977e-10, global = 4.90574e-12, cumulative = -2.26611e-08
DILUPBiCGStab:  Solving for epsilon, Initial residual = 0.0019281, Final residual = 3.81075e-09, No Iterations 2
bounding epsilon, min: -0.426922 max: 4329.09 average: 7.563
DILUPBiCGStab:  Solving for k, Initial residual = 0.0645359, Final residual = 1.39218e-08, No Iterations 3

Solving for solid region CPU
DICPCG:  Solving for h, Initial residual = 7.25826e-07, Final residual = 7.25826e-07, No Iterations 0
DICPCG:  Solving for h, Initial residual = 7.25826e-07, Final residual = 7.25826e-07, No Iterations 0
DICPCG:  Solving for h, Initial residual = 7.25826e-07, Final residual = 7.25826e-07, No Iterations 0
Min/max T:300 300.259

Solving for solid region Heatsink
DICPCG:  Solving for h, Initial residual = 0.00837743, Final residual = 7.43927e-07, No Iterations 8
DICPCG:  Solving for h, Initial residual = 0.00836214, Final residual = 7.90542e-07, No Iterations 8
DICPCG:  Solving for h, Initial residual = 0.00837928, Final residual = 7.2846e-07, No Iterations 8
Min/max T:300 300

Solving for solid region FRONT_PANEL
DICPCG:  Solving for h, Initial residual = 0.00436836, Final residual = 6.77142e-07, No Iterations 4
DICPCG:  Solving for h, Initial residual = 0.00435616, Final residual = 7.40283e-07, No Iterations 4
DICPCG:  Solving for h, Initial residual = 0.00434319, Final residual = 7.63433e-07, No Iterations 4
Min/max T:300 300
ExecutionTime = 151.11 s  ClockTime = 152 s

Region: domain0 Courant Number mean: 0.00708179 max: 1.36396
Region: CPU Diffusion Number mean: 0.0121736 max: 0.17741
Region: Heatsink Diffusion Number mean: 0.0139781 max: 0.765687
Region: FRONT_PANEL Diffusion Number mean: 0.000408738 max: 0.426822
deltaT = 0.000145991
Time = 0.000855151


Solving for fluid region domain0
diagonal:  Solving for rho, Initial residual = 0, Final residual = 0, No Iterations 0
DILUPBiCGStab:  Solving for Ux, Initial residual = 0.128773, Final residual = 3.15094e-08, No Iterations 3
DILUPBiCGStab:  Solving for Uy, Initial residual = 0.0667269, Final residual = 5.41016e-08, No Iterations 3
DILUPBiCGStab:  Solving for Uz, Initial residual = 0.0700741, Final residual = 4.25672e-08, No Iterations 3
DILUPBiCGStab:  Solving for h, Initial residual = 0.115819, Final residual = 1.41009e-08, No Iterations 3
Min/max T:299.61 300.219
DICPCG:  Solving for p_rgh, Initial residual = 0.0761229, Final residual = 0.000758811, No Iterations 87
DICPCG:  Solving for p_rgh, Initial residual = 0.0361945, Final residual = 0.000331074, No Iterations 25
DICPCG:  Solving for p_rgh, Initial residual = 0.00219989, Final residual = 2.1706e-05, No Iterations 53
diagonal:  Solving for rho, Initial residual = 0, Final residual = 0, No Iterations 0
time step continuity errors (domain0): sum local = 8.19208e-08, global = -2.61563e-09, cumulative = -2.52768e-08
DICPCG:  Solving for p_rgh, Initial residual = 0.00525586, Final residual = 5.23859e-05, No Iterations 76
DICPCG:  Solving for p_rgh, Initial residual = 0.00311443, Final residual = 3.11223e-05, No Iterations 23
DICPCG:  Solving for p_rgh, Initial residual = 0.000207054, Final residual = 1.98041e-06, No Iterations 54
diagonal:  Solving for rho, Initial residual = 0, Final residual = 0, No Iterations 0
time step continuity errors (domain0): sum local = 7.77344e-09, global = -4.18177e-10, cumulative = -2.56949e-08
DICPCG:  Solving for p_rgh, Initial residual = 0.000894426, Final residual = 8.60649e-06, No Iterations 80
DICPCG:  Solving for p_rgh, Initial residual = 0.000465672, Final residual = 4.65077e-06, No Iterations 22
DICPCG:  Solving for p_rgh, Initial residual = 3.11982e-05, Final residual = 9.93763e-08, No Iterations 74
diagonal:  Solving for rho, Initial residual = 0, Final residual = 0, No Iterations 0
time step continuity errors (domain0): sum local = 3.87175e-10, global = 1.57097e-11, cumulative = -2.56792e-08
DILUPBiCGStab:  Solving for epsilon, Initial residual = 0.00215818, Final residual = 9.74403e-09, No Iterations 2
DILUPBiCGStab:  Solving for k, Initial residual = 0.0641923, Final residual = 2.18731e-08, No Iterations 3

Solving for solid region CPU
DICPCG:  Solving for h, Initial residual = 7.25826e-07, Final residual = 7.25826e-07, No Iterations 0
DICPCG:  Solving for h, Initial residual = 7.25826e-07, Final residual = 7.25826e-07, No Iterations 0
DICPCG:  Solving for h, Initial residual = 7.25826e-07, Final residual = 7.25826e-07, No Iterations 0
Min/max T:300 300.259

Solving for solid region Heatsink
DICPCG:  Solving for h, Initial residual = 0.00838631, Final residual = 7.45726e-07, No Iterations 8
DICPCG:  Solving for h, Initial residual = 0.00832813, Final residual = 8.03829e-07, No Iterations 8
DICPCG:  Solving for h, Initial residual = 0.00836815, Final residual = 8.40853e-07, No Iterations 8
Min/max T:300 300

Solving for solid region FRONT_PANEL
DICPCG:  Solving for h, Initial residual = 0.00434018, Final residual = 7.07904e-07, No Iterations 4
DICPCG:  Solving for h, Initial residual = 0.00437417, Final residual = 7.12856e-07, No Iterations 4
DICPCG:  Solving for h, Initial residual = 0.0043697, Final residual = 7.28877e-07, No Iterations 4
Min/max T:300 300
ExecutionTime = 168.05 s  ClockTime = 169 s

Region: domain0 Courant Number mean: 0.00894677 max: 1.63671
Region: CPU Diffusion Number mean: 0.0139605 max: 0.20345
Region: Heatsink Diffusion Number mean: 0.0160298 max: 0.878077
Region: FRONT_PANEL Diffusion Number mean: 0.000468734 max: 0.489472
deltaT = 0.000163815
Time = 0.00101897


Solving for fluid region domain0
diagonal:  Solving for rho, Initial residual = 0, Final residual = 0, No Iterations 0
DILUPBiCGStab:  Solving for Ux, Initial residual = 0.124334, Final residual = 7.4055e-08, No Iterations 3
DILUPBiCGStab:  Solving for Uy, Initial residual = 0.0691631, Final residual = 7.05047e-09, No Iterations 3
DILUPBiCGStab:  Solving for Uz, Initial residual = 0.0693075, Final residual = 3.98719e-09, No Iterations 3
DILUPBiCGStab:  Solving for h, Initial residual = 0.0953932, Final residual = 1.69273e-08, No Iterations 3
Min/max T:299.481 300.194
DICPCG:  Solving for p_rgh, Initial residual = 0.0618909, Final residual = 0.000583338, No Iterations 86
DICPCG:  Solving for p_rgh, Initial residual = 0.0328741, Final residual = 0.000294599, No Iterations 25
